7 2 1 3 10 
1 2 3 7 10 
false
true
false
false
true
false
false
-1
